../Core/Src/main.c:116:5:main	8	static
../Core/Src/main.c:183:6:SystemClock_Config	96	static
../Core/Src/main.c:234:13:MX_I2C1_Init	8	static
../Core/Src/main.c:282:13:MX_LPUART1_UART_Init	8	static
../Core/Src/main.c:330:13:MX_USART2_UART_Init	8	static
../Core/Src/main.c:379:13:MX_USB_OTG_FS_PCD_Init	8	static
../Core/Src/main.c:414:13:MX_GPIO_Init	48	static
../Core/Src/main.c:476:5:readLidarSensor	16	static
../Core/Src/main.c:514:6:speedCalculate	32	static
../Core/Src/main.c:544:1:__io_putchar	16	static
../Core/Src/main.c:557:6:Error_Handler	4	static,ignoring_inline_asm
